main.c:64:6:delay	16	static
main.c:70:6:Display_Temp	32	static
main.c:79:6:Display_Hmd	32	static
main.c:100:6:Set_Pin_Output	32	static
main.c:109:6:Set_Pin_Input	32	static
main.c:123:6:DHT11_Start	8	static
main.c:135:9:DHT11_Check_Response	16	static
main.c:150:9:DHT11_Read	16	static
main.c:173:5:main	8	static
main.c:255:6:SystemClock_Config	72	static
main.c:294:13:MX_I2C1_Init	8	static
main.c:328:13:MX_TIM1_Init	32	static
main.c:374:13:MX_GPIO_Init	40	static
main.c:403:6:Error_Handler	4	static,ignoring_inline_asm
