../Core/Src/main.c:83:6:HAL_UART_RxCpltCallback	24	static
../Core/Src/main.c:93:5:main	16	static
../Core/Src/main.c:149:6:SystemClock_Config	72	static
../Core/Src/main.c:189:13:MX_TIM2_Init	64	static
../Core/Src/main.c:248:13:MX_USART1_UART_Init	8	static
../Core/Src/main.c:281:13:MX_GPIO_Init	32	static
../Core/Src/main.c:302:6:normalRunning	16	static
../Core/Src/main.c:325:6:brakeWithABS	32	static
../Core/Src/main.c:401:6:brakeWithoutABS	16	static
../Core/Src/main.c:429:6:HAL_TIM_PeriodElapsedCallback	16	static
../Core/Src/main.c:446:6:Error_Handler	4	static,ignoring_inline_asm
